// Jest Snapshot v1, https://goo.gl/fbAQLP

exports[`Navbar component should not change 1`] = `
Object {
  "asFragment": [Function],
  "baseElement": <body>
    <div>
      <nav
        class="nav"
      >
        <a
          aria-current="page"
          class="nav__wrapper active"
          href="/e2e-tests/"
        >
          <div
            class="nav__logo"
          >
            <span
              class="nav__logoTitle"
            >
              TEST API
            </span>
          </div>
        </a>
        <ul
          class="nav__list"
        >
          <li
            class="nav__listItem"
          >
            <a
              href="/e2e-tests/about"
            >
              About
            </a>
          </li>
          <li
            class="nav__listItem"
          >
            <a
              aria-current="page"
              class="active"
              href="/"
            >
              Home
            </a>
          </li>
        </ul>
      </nav>
    </div>
  </body>,
  "container": <div>
    <nav
      class="nav"
    >
      <a
        aria-current="page"
        class="nav__wrapper active"
        href="/e2e-tests/"
      >
        <div
          class="nav__logo"
        >
          <span
            class="nav__logoTitle"
          >
            TEST API
          </span>
        </div>
      </a>
      <ul
        class="nav__list"
      >
        <li
          class="nav__listItem"
        >
          <a
            href="/e2e-tests/about"
          >
            About
          </a>
        </li>
        <li
          class="nav__listItem"
        >
          <a
            aria-current="page"
            class="active"
            href="/"
          >
            Home
          </a>
        </li>
      </ul>
    </nav>
  </div>,
  "debug": [Function],
  "findAllByAltText": [Function],
  "findAllByDisplayValue": [Function],
  "findAllByLabelText": [Function],
  "findAllByPlaceholderText": [Function],
  "findAllByRole": [Function],
  "findAllByTestId": [Function],
  "findAllByText": [Function],
  "findAllByTitle": [Function],
  "findByAltText": [Function],
  "findByDisplayValue": [Function],
  "findByLabelText": [Function],
  "findByPlaceholderText": [Function],
  "findByRole": [Function],
  "findByTestId": [Function],
  "findByText": [Function],
  "findByTitle": [Function],
  "getAllByAltText": [Function],
  "getAllByDisplayValue": [Function],
  "getAllByLabelText": [Function],
  "getAllByPlaceholderText": [Function],
  "getAllByRole": [Function],
  "getAllByTestId": [Function],
  "getAllByText": [Function],
  "getAllByTitle": [Function],
  "getByAltText": [Function],
  "getByDisplayValue": [Function],
  "getByLabelText": [Function],
  "getByPlaceholderText": [Function],
  "getByRole": [Function],
  "getByTestId": [Function],
  "getByText": [Function],
  "getByTitle": [Function],
  "queryAllByAltText": [Function],
  "queryAllByDisplayValue": [Function],
  "queryAllByLabelText": [Function],
  "queryAllByPlaceholderText": [Function],
  "queryAllByRole": [Function],
  "queryAllByTestId": [Function],
  "queryAllByText": [Function],
  "queryAllByTitle": [Function],
  "queryByAltText": [Function],
  "queryByDisplayValue": [Function],
  "queryByLabelText": [Function],
  "queryByPlaceholderText": [Function],
  "queryByRole": [Function],
  "queryByTestId": [Function],
  "queryByText": [Function],
  "queryByTitle": [Function],
  "rerender": [Function],
  "unmount": [Function],
}
`;
